http://ebsonair.ebs.co.kr/groundwavefamilypc/familypc1m/playlist.m3u8#EBS1
http://ebsonair.ebs.co.kr/ebs2familypc/familypc1m/playlist.m3u8#EBS2
http://ebsonair.ebs.co.kr/ebsufamilypc/familypc1m/playlist.m3u8#EBSU
http://ebsonair.ebs.co.kr/plus1familypc/familypc1m/playlist.m3u8#EBSi
http://ebsonair.ebs.co.kr/plus2familypc/familypc1m/playlist.m3u8#EBS+2
http://ebsonair.ebs.co.kr/plus3familypc/familypc1m/playlist.m3u8#EBSe
http://ebsonair.ebs.co.kr/fmradiofamilypc/familypc1m/playlist.m3u8#EBSradio
http://new_iradio.ebs.co.kr/iradio/iradiolive_m4a/playlist.m3u8#EBSiradio
http://live.kbskme.gscdn.com/www_1tv/_definst_/1tv_5.stream/playlist.m3u8#KBS1TV
http://live.kbskme.gscdn.com/www_2tv/_definst_/2tv_5.stream/playlist.m3u8#KBS2TV
http://live.kbskme.gscdn.com/www_kbsn_sports/_definst_/kbsn_sports_5.stream/playlist.m3u8#KBSsports
http://live.kbskme.gscdn.com/www_kbs_worldtv/_definst_/kbs_worldtv_5.stream/playlist.m3u8#KBSworld
rtmp://imbconairtv.imbc.com/imbc_onairtv/_definst_/onairtv_500k.stream?id=2101&secure=c2lkPWticy1saXZlJnRva2VuPUtCUy1MSVZFQzg5REVGRjFENEMwJmlzc3Vlcj0yMjIuMTIyLjIwNi43NyZjaWQ9NDZBNUZBMDY2NDAwJnBhdGg9L2ltYmNfb25haXJ0di9vbmFpcnR2XzUwMGsuc3RyZWFtP2NtZCZmaWxlPW9uYWlydHZfNTAway5zdHJlYW0/Y21kJmJ5cGFzcz1mYWxzZSZhdGltZT0xNDM0MjY1NDEw#MBC
http://media.kjmbc.co.kr:1935/live/stream/playlist.m3u8#MBC광주
http://59.25.202.81:1935/live/UBCstream/playlist.m3u8#SBS울산
http://mgugaklive.nowcdn.co.kr/gugakvideo/gugakvideo.stream/playlist.m3u8#국악방송 HD
http://mgugaklive.nowcdn.co.kr/gugakradio/gugakradio.stream/playlist.m3u8#국악방송 라디오
https://5b99fdb0a9492.streamlock.net/LIVE/ch7/playlist.m3u8#KCTV제주방송
http://live.obs.co.kr:1935/live/obs_back/myStream.sdp/playlist.m3u8#OBS경인방송