http://ebsonair.ebs.co.kr/groundwavefamilypc/familypc1m/playlist.m3u8#EBS1
http://ebsonair.ebs.co.kr/ebs2familypc/familypc1m/playlist.m3u8#EBS2
http://ebsonair.ebs.co.kr/ebsufamilypc/familypc1m/playlist.m3u8#EBSU
http://ebsonair.ebs.co.kr/plus1familypc/familypc1m/playlist.m3u8#EBSi
http://ebsonair.ebs.co.kr/plus2familypc/familypc1m/playlist.m3u8#EBS+2
http://ebsonair.ebs.co.kr/plus3familypc/familypc1m/playlist.m3u8#EBSe
http://ebsonair.ebs.co.kr/fmradiofamilypc/familypc1m/playlist.m3u8#EBSradio
http://newiradio.ebs.co.kr/iradio/iradiolive_m4a/playlist.m3u8#EBSiradio
http://live.kbskme.gscdn.com/www_kbs_worldtv/_definst_/kbs_worldtv_5.stream/playlist.m3u8#KBSworld
http://media.kjmbc.co.kr:1935/live/stream/playlist.m3u8#MBC광주TV
http://211.117.193.120:1935/fmlive/GWANGJU-MBC-FM/playlist.m3u8#MBC광주FM
http://211.117.193.120:1935/amlive/GWANGJU-MBC-AM/playlist.m3u8#MBC광주AM
http://app.dgmbc.com:1935/live/mp4:live1.stream/playlist.m3u8#MBC대구
http://app.dgmbc.com:1935/fmradio/mp3:fmradio.stream/playlist.m3u8#MBC대구FM
http://app.dgmbc.com:1935/amradio/mp3:amradio.stream/playlist.m3u8#MBC대구AM
http://119.200.131.11:1935/KBCTV/tv/playlist.m3u8#KBC광주TV
http://119.200.131.11:1935/KBCFM/kbcra_aac/playlist.m3u8#KBC광주FM
http://59.25.202.81:1935/live/UBCstream/playlist.m3u8#UBC울산TV
http://59.25.202.81:1935/live/mp3:UBCfmstream/playlist.m3u8#UBC울산FM
http://mgugaklive.nowcdn.co.kr/gugakvideo/gugakvideo.stream/playlist.m3u8#국악방송
http://mgugaklive.nowcdn.co.kr/gugakradio/gugakradio.stream/playlist.m3u8#국악방송 라디오
https://5b99fdb0a9492.streamlock.net/LIVE/ch7/playlist.m3u8#KCTV제주방송
http://live.obs.co.kr:1935/live/obs/myStream.sdp/playlist.m3u8#OBS경인방송
http://live.obs.co.kr:1935/live/obs_back/myStream.sdp/playlist.m3u8#OBS경인방송
http://218.38.152.31:1935/klive/klive.stream/playlist.m3u8#KTV국민방송
http://live.chosun.gscdn.com/live/tvchosun1.stream/playlist.m3u8#TV조선
http://amdlive-ch01.ctnd.com.edgesuite.net/arirang_1ch/smil:arirang_1ch.smil/playlist.m3u8#아리랑TV
http://58.234.158.60:1935/catvlive/myStream/playlist.m3u8#tbsTV
